#-----------------------------------------------------------
# Vivado v2024.1 (64-bit)
# SW Build 5076996 on Wed May 22 18:37:14 MDT 2024
# IP Build 5075265 on Wed May 22 21:45:21 MDT 2024
# SharedData Build 5076995 on Wed May 22 18:29:18 MDT 2024
# Start of session at: Fri Nov 22 15:42:44 2024
# Process ID: 17572
# Current directory: D:/git/FPGA-RFID/RFID.runs/synth_1
# Command line: vivado.exe -log top.vds -product Vivado -mode batch -messageDb vivado.pb -notrace -source top.tcl
# Log file: D:/git/FPGA-RFID/RFID.runs/synth_1/top.vds
# Journal file: D:/git/FPGA-RFID/RFID.runs/synth_1\vivado.jou
# Running On        :DESKTOP-QT3SDF3
# Platform          :Windows Server 2016 or Windows 10
# Operating System  :19045
# Processor Detail  :AMD Ryzen 5 5600X 6-Core Processor             
# CPU Frequency     :3700 MHz
# CPU Physical cores:6
# CPU Logical cores :12
# Host memory       :17078 MB
# Swap memory       :16106 MB
# Total Virtual     :33184 MB
# Available Virtual :19496 MB
#-----------------------------------------------------------
source top.tcl -notrace
