#-----------------------------------------------------------
# Vivado v2024.1 (64-bit)
# SW Build 5076996 on Wed May 22 18:37:14 MDT 2024
# IP Build 5075265 on Wed May 22 21:45:21 MDT 2024
# SharedData Build 5076995 on Wed May 22 18:29:18 MDT 2024
# Start of session at: Sat Nov  9 19:34:26 2024
# Process ID: 21244
# Current directory: D:/FPGA/Xilinx/Projects/RFID/RFID.runs/synth_1
# Command line: vivado.exe -log top.vds -product Vivado -mode batch -messageDb vivado.pb -notrace -source top.tcl
# Log file: D:/FPGA/Xilinx/Projects/RFID/RFID.runs/synth_1/top.vds
# Journal file: D:/FPGA/Xilinx/Projects/RFID/RFID.runs/synth_1\vivado.jou
# Running On        :Guy
# Platform          :Windows Server 2016 or Windows 10
# Operating System  :19045
# Processor Detail  :Intel(R) Core(TM) i7-4790 CPU @ 3.60GHz
# CPU Frequency     :3600 MHz
# CPU Physical cores:4
# CPU Logical cores :8
# Host memory       :16848 MB
# Swap memory       :4100 MB
# Total Virtual     :20949 MB
# Available Virtual :5065 MB
#-----------------------------------------------------------
source top.tcl -notrace
